
[1m[46m RUN [49m[22m [36mv3.2.4 [39m[90mD:/Users/project/Notescape/frontend[39m

[90mstdout[2m | src/pages/Classes.test.tsx
[22m[39mAppShell in test: [36m[Function: default][39m
ClassSidebar in test: [36m[Function: default][39m

 [31mΓ¥»[39m src/pages/Classes.test.tsx [2m([22m[2m3 tests[22m[2m | [22m[31m2 failed[39m[2m)[22m[33m 1250[2mms[22m[39m
[31m   [31m├ù[31m Classes Page[2m > [22mrenders loading state initially[39m[32m 169[2mms[22m[39m
[31m     ΓåÆ Unable to find an element with the text: /Loading classes/i. This could be because the text is broken up by multiple elements. In this case, you can provide a function for your text matcher to make your matcher more flexible.

Ignored nodes: comments, script, style
[36m<body>[31m
  [36m<div>[31m
    [36m<div[31m
      [33mdata-testid[31m=[32m"app-shell"[31m
    [36m>[31m
      [36m<div[31m
        [33mclass[31m=[32m"min-h-screen bg-[var(--bg-page)]"[31m
      [36m>[31m
        [36m<div[31m
          [33mclass[31m=[32m"grid"[31m
          [33mstyle[31m=[32m"grid-template-columns: 300px minmax(0,1fr); transition: grid-template-columns 0.25s ease;"[31m
        [36m>[31m
          [36m<div[31m
            [33mdata-testid[31m=[32m"class-sidebar"[31m
          [36m>[31m
            [0mSidebar[0m
          [36m</div>[31m
          [36m<section[31m
            [33mclass[31m=[32m"p-6 lg:p-8"[31m
          [36m>[31m
            [36m<div[31m
              [33mclass[31m=[32m"mx-auto flex w-full flex-col gap-6 max-w-[1200px]"[31m
            [36m>[31m
              [36m<div[31m
                [33mclass[31m=[32m"panel panel-muted border-dashed text-center space-y-3"[31m
              [36m>[31m
                [36m<div[31m
                  [33mclass[31m=[32m"text-lg font-semibold text-main"[31m
                [36m>[31m
                  [0mCreate your first class[0m
                [36m</div>[31m
                [36m<div[31m
                  [33mclass[31m=[32m"text-sm text-[var(--text-secondary)]"[31m
                [36m>[31m
                  [0mStart a class to upload documents and chat with your study assistant.[0m
                [36m</div>[31m
                [36m<button[31m
                  [33mclass[31m=[32m"inline-flex items-center justify-center rounded-xl font-semibold transition disabled:opacity-60 bg-[var(--primary)] text-inverse hover:opacity-90 shadow-[0_10px_24px_rgba(123,95,239,0.35)] h-9 px-4 text-sm mt-2"[31m
                [36m>[31m
                  [0mCreate class[0m
                [36m</button>[31m
              [36m</div>[31m
            [36m</div>[31m
          [36m</section>[31m
        [36m</div>[31m
        [36m<section[31m
          [33maria-atomic[31m=[32m"false"[31m
          [33maria-label[31m=[32m"Notifications Alt+T"[31m
          [33maria-live[31m=[32m"polite"[31m
          [33maria-relevant[31m=[32m"additions text"[31m
          [33mclass[31m=[32m"Toastify"[31m
        [36m/>[31m
      [36m</div>[31m
    [36m</div>[31m
  [36m</div>[31m
[36m</body>[31m[39m
[31m   [31m├ù[31m Classes Page[2m > [22mrenders class content after loading[39m[33m 1036[2mms[22m[39m
[31m     ΓåÆ Unable to find an element by: [data-testid="header-buttons"]

Ignored nodes: comments, script, style
[36m<body>[31m
  [36m<div>[31m
    [36m<div[31m
      [33mdata-testid[31m=[32m"app-shell"[31m
    [36m>[31m
      [36m<div[31m
        [33mclass[31m=[32m"min-h-screen bg-[var(--bg-page)]"[31m
      [36m>[31m
        [36m<div[31m
          [33mclass[31m=[32m"grid"[31m
          [33mstyle[31m=[32m"grid-template-columns: 300px minmax(0,1fr); transition: grid-template-columns 0.25s ease;"[31m
        [36m>[31m
          [36m<div[31m
            [33mdata-testid[31m=[32m"class-sidebar"[31m
          [36m>[31m
            [0mSidebar[0m
          [36m</div>[31m
          [36m<section[31m
            [33mclass[31m=[32m"p-6 lg:p-8"[31m
          [36m>[31m
            [36m<div[31m
              [33mclass[31m=[32m"mx-auto flex w-full flex-col gap-6 max-w-[1200px]"[31m
            [36m>[31m
              [36m<div[31m
                [33mclass[31m=[32m"panel panel-compact"[31m
              [36m>[31m
                [36m<div[31m
                  [33mclass[31m=[32m"flex items-center justify-between gap-4 flex-wrap"[31m
                [36m>[31m
                  [36m<div>[31m
                    [36m<div[31m
                      [33mclass[31m=[32m"text-sm font-semibold text-main"[31m
                    [36m>[31m
                      [0mBiology 101[0m
                    [36m</div>[31m
                  [36m</div>[31m
                [36m</div>[31m
              [36m</div>[31m
              [36m<div[31m
                [33mclass[31m=[32m"flex items-center justify-between flex-wrap gap-4"[31m
              [36m>[31m
                [36m<div[31m
                  [33mclass[31m=[32m"flex flex-wrap gap-2"[31m
                [36m>[31m
                  [36m<button[31m
                    [33mclass[31m=[32m"tab-pill tab-pill-active"[31m
                    [33mtype[31m=[32m"button"[31m
                  [36m>[31m
                    [0mDocuments[0m
                  [36m</button>[31m
                  [36m<button[31m
                    [33mclass[31m=[32m"tab-pill tab-pill-muted"[31m
                    [33mtype[31m=[32m"button"[31m
                  [36m>[31m
                    [0mFlashcards[0m
                  [36m</button>[31m
                  [36m<button[31m
                    [33mclass[31m=[32m"tab-pill tab-pill-muted"[31m
                    [33mtype[31m=[32m"button"[31m
                  [36m>[31m
                    [0mChat[0m
                  [36m</button>[31m
                [36m</div>[31m
                [36m<div[31m
                  [33mclass[31m=[32m"flex items-center gap-3"[31m
                [36m>[31m
                  [36m<button[31m
                    [33mclass[31m=[32m"inline-flex items-center justify-center rounded-xl font-semibold transition disabled:opacity-60 border border-token surface text-muted hover:border-token h-9 px-4 text-sm rounded-full"[31m
                  [36m>[31m
                    [36m<svg[31m
                      [33mclass[31m=[32m"lucide lucide-message-circle mr-1 h-4 w-4"[31m
                      [33mfill[31m=[32m"none"[31m
                      [33mheight[31m=[32m"24"[31m
                      [33mstroke[31m=[32m"currentColor"[31m
                      [33mstroke-linecap[31m=[32m"round"[31m
                      [33mstroke-linejoin[31m=[32m"round"[31m
                      [33mstroke-width[31m=[32m"2"[31m
                      [33mviewBox[31m=[32m"0 0 24 24"[31m
                      [33mwidth[31m=[32m"24"[31m
                      [33mxmlns[31m=[32m"http://www.w3.org/2000/svg"[31m
                    [36m>[31m
                      [36m<path[31m
                        [33md[31m=[32m"M7.9 20A9 9 0 1 0 4 16.1L2 22Z"[31m
                      [36m/>[31m
                    [36m</svg>[31m
                    [0mStudy Assistant[0m
                  [36m</button>[31m
                [36m</div>[31m
              [36m</div>[31m
              [36m<div[31m
                [33mclass[31m=[32m"mt-6 space-y-4"[31m
              [36m>[31m
                [36m<div[31m
                  [33mclass[31m=[32m"panel panel-muted text-sm text-[var(--text-secondary)]"[31m
                [36m>[31m
                  [0mSelect a document to open the study workspace.[0m
                [36m</div>[31m
                [36m<input[31m
                  [33maccept[31m=[32m"application/pdf,application/vnd.openxmlformats-officedocument.presentationml.presentation,application/vnd.openxmlformats-officedocument.wordprocessingml.document,.pdf,.pptx,.docx"[31m
                  [33mclass[31m=[32m"hidden"[31m
                  [33mmultiple[31m=[32m""[31m
                  [33mtype[31m=[32m"file"[31m
                [36m/>[31m
                [36m<div[31m
                  [33mclass[31m=[32m"rounded-2xl border surface shadow-sm transition border-token"[31m
                  [33mtabindex[31m=[32m"-1"[31m
                [36m>[31m
                  [36m<div[31m
                    [33mclass[31m=[32m"flex items-center justify-between border-b border-token px-4 py-3"[31m
                  [36m>[31m
                    [36m<div>[31m
                      [36m<div[31m
                        [33mclass[31m=[32m"text-sm font-semibold"[31m
                      [36m>[31m
                        [0mDocuments[0m
                      [36m</div>[31m
                      [36m<div[31m
                        [33mclass[31m=[32m"text-xs text-muted"[31m
                      [36m>[31m
                        [0mPDF, PPTX, DOCX[0m
                      [36m</div>[31m
                    [36m</div>[31m
                    [36m<div[31m
                      [33mclass[31m=[32m"flex items-center gap-2 text-xs text-muted"[31m
                    [36m>[31m
                      [36m<span>[31m
                        [0m0[0m
                        [0m selected[0m
                      [36m</span>[31m
                      [36m<button[31m
                        [33mclass[31m=[32m"inline-flex items-center gap-1 rounded-lg border border-token surface px-2.5 py-1.5 text-xs font-semibold text-muted hover:border-[var(--primary)]"[31m
                      [36m>[31m
                        [36m<svg[31m
                          [33mclass[31m=[32m"lucide lucide-upload h-3.5 w-3.5"[31m
                          [33mfill[31m=[32m"none"[31m
                          [33mheight[31m=[32m"24"[31m
                          [33mstroke[31m=[32m"currentColor"[31m
                          [33mstroke-linecap[31m=[32m"round"[31m
                          [33mstroke-linejoin[31m=[32m"round"[31m
                          [33mstroke-width[31m=[32m"2"[31m
                          [33mviewBox[31m=[32m"0 0 24 24"[31m
                          [33mwidth[31m=[32m"24"[31m
                          [33mxmlns[31m=[32m"http://www.w3.org/2000/svg"[31m
                        [36m>[31m
                          [36m<path[31m
                            [33md[31m=[32m"M21 15v4a2 2 0 0 1-2 2H5a2 2 0 0 1-2-2v-4"[31m
                          [36m/>[31m
                          [36m<polyline[31m
                            [33mpoints[31m=[32m"17 8 12 3 7 8"[31m
                          [36m/>[31m
                          [36m<line[31m
                            [33mx1[31m=[32m"12"[31m
                            [33mx2[31m=[32m"12"[31m
                            [33my1[31m=[32m"3"[31m
                            [33my2[31m=[32m"15"[31m
                          [36m/>[31m
                        [36m</svg>[31m
                        [0mUpload[0m
                      [36m</button>[31m
                    [36m</div>[31m
                  [36m</div>[31m
                  [36m<div[31m
                    [33mclass[31m=[32m"overflow-auto"[31m
                  [36m>[31m
                    [36m<table[31m
                      [33mclass[31m=[32m"w-full text-sm"[31m
                    [36m>[31m
                      [36m<thead[31m
                        [33mclass[31m=[32m"surface-2 text-xs text-muted"[31m
                      [36m>[31m
                        [36m<tr>[31m
                          [36m<th[31m
                            [33mclass[31m=[32m"px-4 py-2 text-left"[31m
                          [36m>[31m
                            [36m<input[31m
                              [33maria-label[31m=[32m"Select all"[31m
                              [33mtype[31m=[32m"checkbox"[31m
                            [36m/>[31m
                          [36m</th>[31m
                          [36m<th[31m
                            [33mclass[31m=[32m"px-4 py-2 text-left"[31m
                          [36m>[31m
                            [0mFile[0m
                          [36m</th>[31m
                          [36m<th[31m
                            [33mclass[31m=[32m"px-4 py-2 text-left"[31m
                          [36m>[31m
                            [0mSize[0m
                          [36m</th>[31m
                          [36m<th[31m
                            [33mclass[31m=[32m"px-4 py-2 text-left"[31m
                          [36m>[31m
                            [0mUploaded[0m
                          [36m</th>[31m
                          [36m<th[31m
                            [33mclass[31m=[32m"px-4 py-2 text-left"[31m
                          [36m>[31m
                            [0mStatus[0m
                          [36m</th>[31m
                          [36m<th[31m
                            [33mclass[31m=[32m"px-4 py-2 text-left"[31m
                          [36m>[31m
                            [0mOpen[0m
                          [36m</th>[31m
                          [36m<th[31m
                            [33mclass[31m=[32m"px-4 py-2 text-left"[31m
                          [36m>[31m
                            [0mActions[0m
                          [36m</th>[31m
                        [36m</tr>[31m
                      [36m</thead>[31m
                      [36m<tbody>[31m
                        [36m<tr>[31m
                          [36m<td[31m
                            [33mclass[31m=[32m"px-4 py-8"[31m
                            [33mcolspan[31m=[32m"7"[31m
                          [36m>[31m
                            [36m<button[31m
                              [33mclass[31m=[32m"mx-auto flex w-full max-w-md flex-col items-center rounded-xl border border-dashed border-token px-4 py-6 text-center hover:border-[var(--primary)]"[31m
                            [36m>[31m
                              [36m<svg[31m
                                [33mclass[31m=[32m"lucide lucide-upload h-7 w-7 text-[var(--primary)]"[31m
                                [33mfill[31m=[32m"none"[31m
                                [33mheight[31m=[32m"24"[31m
                                [33mstroke[31m=[32m"currentColor"[31m
                                [33mstroke-linecap[31m=[32m"round"[31m
                                [33mstroke-linejoin[31m=[32m"round"[31m
                                [33mstroke-width[31m=[32m"2"[31m
                                [33mviewBox[31m=[32m"0 0 24 24"[31m
                                [33mwidth[31m=[32m"24"[31m
                                [33mxmlns[31m=[32m"http://www.w3.org/2000/svg"[31m
                              [36m>[31m
                                [36m<path[31m
                                  [33md[31m=[32m"M21 15v4a2 2 0 0 1-2 2H5a2 2 0 0 1-2-2v-4"[31m
                                [36m/>[31m
                                [36m<polyline[31m
                                  [33mpoints[31m=[32m"17 8 12 3 7 8"[31m
                                [36m/>[31m
                                [36m<line[31m
                                  [33mx1[31m=[32m"12"[31m
                                  [33mx2[31m=[32m"12"[31m
                                  [33my1[31m=[32m"3"[31m
                                  [33my2[31m=[32m"15"[31m
                                [36m/>[31m
                              [36m</svg>[31m
                              [36m<div[31m
                                [33mclass[31m=[32m"mt-2 text-sm font-semibold text-main"[31m
                              [36m>[31m
                                [0mUpload your materials[0m
                              [36m</div>[31m
                              [36m<div[31m
                                [33mclass[31m=[32m"mt-1 text-xs text-muted"[31m
                              [36m>[31m
                                [0mClick to upload - PDF, PPTX, DOCX[0m
                              [36m</div>[31m
                            [36m</button>[31m
                          [36m</td>[31m
                        [36m</tr>[31m
                      [36m</tbody>[31m
                    [36m</table>[31m
                  [36m</div>[31m
                [36m</div>[31m
              [36m</div>[31m
            [36m</div>[31m
          [36m</section>[31m
        [36m</div>[31m
        [36m<section[31m
          [33maria-atomic[31m=[32m"false"[31m
          [33maria-label[31m=[32m"Notifications Alt+T"[31m
          [33maria-live[31m=[32m"polite"[31m
          [33maria-relevant[31m=[32m"additions text"[31m
          [33mclass[31m=[32m"Toastify"[31m
        [36m/>[31m
      [36m</div>[31m
    [36m</div>[31m
  [36m</div>[31m
[36m</body>[31m

Ignored nodes: comments, script, style
[36m<html>[31m
  [36m<head />[31m
  [36m<body>[31m
    [36m<div>[31m
      [36m<div[31m
        [33mdata-testid[31m=[32m"app-shell"[31m
      [36m>[31m
        [36m<div[31m
          [33mclass[31m=[32m"min-h-screen bg-[var(--bg-page)]"[31m
        [36m>[31m
          [36m<div[31m
            [33mclass[31m=[32m"grid"[31m
            [33mstyle[31m=[32m"grid-template-columns: 300px minmax(0,1fr); transition: grid-template-columns 0.25s ease;"[31m
          [36m>[31m
            [36m<div[31m
              [33mdata-testid[31m=[32m"class-sidebar"[31m
            [36m>[31m
              [0mSidebar[0m
            [36m</div>[31m
            [36m<section[31m
              [33mclass[31m=[32m"p-6 lg:p-8"[31m
            [36m>[31m
              [36m<div[31m
                [33mclass[31m=[32m"mx-auto flex w-full flex-col gap-6 max-w-[1200px]"[31m
              [36m>[31m
                [36m<div[31m
                  [33mclass[31m=[32m"panel panel-compact"[31m
                [36m>[31m
                  [36m<div[31m
                    [33mclass[31m=[32m"flex items-center justify-between gap-4 flex-wrap"[31m
                  [36m>[31m
                    [36m<div>[31m
                      [36m<div[31m
                        [33mclass[31m=[32m"text-sm font-semibold text-main"[31m
                      [36m>[31m
                        [0mBiology 101[0m
                      [36m</div>[31m
                    [36m</div>[31m
                  [36m</div>[31m
                [36m</div>[31m
                [36m<div[31m
                  [33mclass[31m=[32m"flex items-center justify-between flex-wrap gap-4"[31m
                [36m>[31m
                  [36m<div[31m
                    [33mclass[31m=[32m"flex flex-wrap gap-2"[31m
                  [36m>[31m
                    [36m<button[31m
                      [33mclass[31m=[32m"tab-pill tab-pill-active"[31m
                      [33mtype[31m=[32m"button"[31m
                    [36m>[31m
                      [0mDocuments[0m
                    [36m</button>[31m
                    [36m<button[31m
                      [33mclass[31m=[32m"tab-pill tab-pill-muted"[31m
                      [33mtype[31m=[32m"button"[31m
                    [36m>[31m
                      [0mFlashcards[0m
                    [36m</button>[31m
                    [36m<button[31m
                      [33mclass[31m=[32m"tab-pill tab-pill-muted"[31m
                      [33mtype[31m=[32m"button"[31m
                    [36m>[31m
                      [0mChat[0m
                    [36m</button>[31m
                  [36m</div>[31m
                  [36m<div[31m
                    [33mclass[31m=[32m"flex items-center gap-3"[31m
                  [36m>[31m
                    [36m<button[31m
                      [33mclass[31m=[32m"inline-flex items-center justify-center rounded-xl font-semibold transition disabled:opacity-60 border border-token surface text-muted hover:border-token h-9 px-4 text-sm rounded-full"[31m
                    [36m>[31m
                      [36m<svg[31m
                        [33mclass[31m=[32m"lucide lucide-message-circle mr-1 h-4 w-4"[31m
                        [33mfill[31m=[32m"none"[31m
                        [33mheight[31m=[32m"24"[31m
                        [33mstroke[31m=[32m"currentColor"[31m
                        [33mstroke-linecap[31m=[32m"round"[31m
                        [33mstroke-linejoin[31m=[32m"round"[31m
                        [33mstroke-width[31m=[32m"2"[31m
                        [33mviewBox[31m=[32m"0 0 24 24"[31m
                        [33mwidth[31m=[32m"24"[31m
                        [33mxmlns[31m=[32m"http://www.w3.org/2000/svg"[31m
                      [36m>[31m
                        [36m<path[31m
                          [33md[31m=[32m"M7.9 20A9 9 0 1 0 4 16.1L2 22Z"[31m
                        [36m/>[31m
                      [36m</svg>[31m
                      [0mStudy Assistant[0m
                    [36m</button>[31m
                  [36m</div>[31m
                [36m</div>[31m
                [36m<div[31m
                  [33mclass[31m=[32m"mt-6 space-y-4"[31m
                [36m>[31m
                  [36m<div[31m
                    [33mclass[31m=[32m"panel panel-muted text-sm text-[var(--text-secondary)]"[31m
                  [36m>[31m
                    [0mSelect a document to open the study workspace.[0m
                  [36m</div>[31m
                  [36m<input[31m
                    [33maccept[31m=[32m"application/pdf,application/vnd.openxmlformats-officedocument.presentationml.presentation,application/vnd.openxmlformats-officedocument.wordprocessingml.document,.pdf,.pptx,.docx"[31m
                    [33mclass[31m=[32m"hidden"[31m
                    [33mmultiple[31m=[32m""[31m
                    [33mtype[31m=[32m"file"[31m
                  [36m/>[31m
                  [36m<div[31m
                    [33mclass[31m=[32m"rounded-2xl border surface shadow-sm transition border-token"[31m
                    [33mtabindex[31m=[32m"-1"[31m
                  [36m>[31m
                    [36m<div[31m
                      [33mclass[31m=[32m"flex items-center justify-between border-b border-token px-4 py-3"[31m
                    [36m>[31m
                      [36m<div>[31m
                        [36m<div[31m
                          [33mclass[31m=[32m"text-sm font-semibold"[31m
                        [36m>[31m
                          [0mDocuments[0m
                        [36m</div>[31m
                        [36m<div[31m
                          [33mclass[31m=[32m"text-xs text-muted"[31m
                        [36m>[31m
                          [0mPDF, PPTX, DOCX[0m
                        [36m</div>[31m
                      [36m</div>[31m
                      [36m<div[31m
                        [33mclass[31m=[32m"flex items-center gap-2 text-xs text-muted"[31m
                      [36m>[31m
                        [36m<span>[31m
                          [0m0[0m
                          [0m selected[0m
                        [36m</span>[31m
                        [36m<button[31m
                          [33mclass[31m=[32m"inline-flex items-center gap-1 rounded-lg border border-token surface px-2.5 py-1.5 text-xs font-semibold text-muted hover:border-[var(--primary)]"[31m
                        [36m>[31m
                          [36m<svg[31m
                            [33mclass[31m=[32m"lucide lucide-upload h-3.5 w-3.5"[31m
                            [33mfill[31m=[32m"none"[31m
                            [33mheight[31m=[32m"24"[31m
                            [33mstroke[31m=[3...[39m
   [32mΓ£ô[39m Classes Page[2m > [22mrenders error message if loading fails[32m 40[2mms[22m[39m

[2m Test Files [22m [1m[31m1 failed[39m[22m[90m (1)[39m
[2m      Tests [22m [1m[31m2 failed[39m[22m[2m | [22m[1m[32m1 passed[39m[22m[90m (3)[39m
[2m   Start at [22m 23:37:06
[2m   Duration [22m 11.78s[2m (transform 1.53s, setup 1.66s, collect 2.02s, tests 1.25s, environment 2.98s, prepare 568ms)[22m

